[1/61] Building C object lwrb/lwrb/CMakeFiles/lwrb_ex.dir/src/lwrb/lwrb_ex.c.o
[2/61] Building C object lwrb/lwrb/CMakeFiles/lwrb.dir/src/lwrb/lwrb.c.o
[3/61] Linking C static library lwrb/lwrb/liblwrb.a
[4/61] Linking C static library lwrb/lwrb/liblwrb_ex.a
[5/61] Building CXX object port_unix/tests/CMakeFiles/test_paraos_unix.dir/test_paraos_utils.cpp.o
[6/61] Building CXX object CMakeFiles/paraos.dir/extra/paraos_status_led.cpp.o
[7/61] Linking CXX static library libparaos.a
[8/61] Building CXX object port_tests/CMakeFiles/test_thread_only_global.dir/test_thread_only_global.cpp.o
[9/61] Building CXX object port_tests/CMakeFiles/test_thread_create_then_delete_many_threads.dir/test_thread_create_then_delete_many_threads.cpp.o
[10/61] Building CXX object port_tests/CMakeFiles/test_thread_only_static.dir/test_thread_only_static.cpp.o
[11/61] Building CXX object port_tests/CMakeFiles/test_thread_only_stack.dir/test_thread_only_stack.cpp.o
[12/61] Building CXX object port_tests/CMakeFiles/test_thread_only_stack_with_multiple_threads.dir/test_thread_only_stack_with_multiple_threads.cpp.o
[13/61] Building CXX object port_tests/CMakeFiles/example_timer.dir/example_timer.cpp.o
[14/61] Building CXX object port_tests/CMakeFiles/test_paraos_core.dir/test_mutex_raii.cpp.o
[15/61] Building CXX object port_tests/CMakeFiles/test_paraos_core.dir/test_mutex.cpp.o
[16/61] Building CXX object port_tests/CMakeFiles/test_paraos_core.dir/test_semaphore.cpp.o
[17/61] Building CXX object port_tests/CMakeFiles/example_thread_check_timeout.dir/example_thread_check_timeout.cpp.o
[18/61] Building CXX object port_tests/CMakeFiles/test_paraos_core.dir/test_switch_context.cpp.o
[19/61] Building CXX object port_tests/CMakeFiles/test_paraos_core.dir/test_testing_semaphore.cpp.o
[20/61] Building CXX object port_tests/CMakeFiles/example_socket_udp.dir/example_socket_udp.cpp.o
[21/61] Building CXX object port_tests/CMakeFiles/test_paraos_core.dir/test_version.cpp.o
[22/61] Building CXX object port_tests/CMakeFiles/test_paraos_core.dir/test_isr.cpp.o
[23/61] Building CXX object port_tests/CMakeFiles/test_paraos_core.dir/test_critical.cpp.o
[24/61] Building CXX object port_tests/CMakeFiles/test_paraos_core.dir/test_runtime_profiler.cpp.o
[25/61] Building CXX object containers/tests/CMakeFiles/test_paraos_containers.dir/test_message_buff_with_user_allocator.cpp.o
[26/61] Building CXX object containers/tests/CMakeFiles/test_paraos_containers.dir/test_lwrb.cpp.o
[27/61] Building CXX object containers/tests/CMakeFiles/test_paraos_containers.dir/test_queue_blocking.cpp.o
[28/61] Building CXX object containers/tests/CMakeFiles/test_paraos_containers.dir/test_message_buff.cpp.o
[29/61] Building CXX object containers/tests/CMakeFiles/test_message_multithread_many_producer_many_consumers.dir/test_message_multithread_many_producer_many_consumers.cpp.o
[30/61] Building CXX object containers/tests/CMakeFiles/test_multi_ringbuff_mpmc.dir/test_multi_ringbuff_mpmc.cpp.o
[31/61] Building CXX object containers/tests/CMakeFiles/test_queue_blocking_spmc.dir/test_queue_blocking_spmc.cpp.o
[32/61] Building CXX object containers/tests/CMakeFiles/bench_paraos_containers.dir/bench_paraos_containers.cpp.o
[33/61] Building CXX object containers/tests/CMakeFiles/test_paraos_containers.dir/test_multi_ringbuff.cpp.o
[34/61] Building CXX object extra/tests/CMakeFiles/test_paraos_extra.dir/test_paraos_cooperative_scheduling.cpp.o
[35/61] Building CXX object containers/tests/CMakeFiles/test_queue_blocking_mpsc.dir/test_queue_blocking_mpsc.cpp.o
[36/61] Building CXX object containers/tests/CMakeFiles/test_queue_blocking_mpmc.dir/test_queue_blocking_mpmc.cpp.o
[37/61] Building CXX object extra/tests/CMakeFiles/test_paraos_oneshot_executor.dir/test_oneshot_executor_thread.cpp.o
[38/61] Linking CXX executable port_unix/tests/test_paraos_unix
[39/61] Linking CXX executable port_tests/test_thread_only_static
[40/61] Linking CXX executable port_tests/test_thread_only_global
[41/61] Linking CXX executable port_tests/test_thread_only_stack
[42/61] Linking CXX executable port_tests/test_thread_only_stack_with_multiple_threads
[43/61] Linking CXX executable port_tests/test_thread_create_then_delete_many_threads
[44/61] Linking CXX executable port_tests/example_timer
[45/61] Linking CXX executable port_tests/example_thread_check_timeout
[46/61] Linking CXX executable port_tests/example_socket_udp
[47/61] Linking CXX executable port_tests/test_paraos_core
[48/61] Building CXX object extra/tests/CMakeFiles/test_paraos_extra.dir/test_oneshot_executor.cpp.o
[49/61] Linking CXX executable containers/tests/test_message_multithread_many_producer_many_consumers
[50/61] Linking CXX executable containers/tests/test_multi_ringbuff_mpmc
[51/61] Linking CXX executable containers/tests/test_queue_blocking_spmc
[52/61] Building CXX object extra/tests/CMakeFiles/test_paraos_thread_sequence.dir/test_paraos_thread_sequence.cpp.o
[53/61] Linking CXX executable containers/tests/test_queue_blocking_mpsc
[54/61] Linking CXX executable containers/tests/test_queue_blocking_mpmc
[55/61] Linking CXX executable containers/tests/bench_paraos_containers
[56/61] Linking CXX executable extra/tests/test_paraos_thread_sequence
[57/61] Linking CXX executable containers/tests/test_paraos_containers
[58/61] Linking CXX executable extra/tests/test_paraos_oneshot_executor
[59/61] Linking CXX executable extra/tests/test_paraos_extra
[60/61] Building CXX object extra/tests/CMakeFiles/test_paraos_cooperative_scheduling_thread.dir/test_paraos_cooperative_scheduling_thread.cpp.o
[61/61] Linking CXX executable extra/tests/test_paraos_cooperative_scheduling_thread
